// Jest Snapshot v1, https://goo.gl/fbAQLP

exports[`corresponds to what we saw before 1`] = `"<div data-testid=\\"button\\" class=\\"untoggled\\"><a id=\\"button1\\">Add text!</a></div>"`;
